// Jest Snapshot v1, https://goo.gl/fbAQLP

exports[`Home should match the snapshot when loading 1`] = `
<View
  style={
    Object {
      "backgroundColor": "#000000",
      "flex": 1,
    }
  }
>
  <WandererHeader />
  <ScrollViewMock>
    <Text
      style={
        Object {
          "color": "white",
          "fontSize": 30,
          "marginVertical": 40,
          "textAlign": "center",
        }
      }
    >
      Welcome to Trex
    </Text>
    <Text
      style={
        Object {
          "color": "white",
          "fontSize": 30,
          "marginVertical": 40,
          "textAlign": "center",
        }
      }
    >
      I am a ...
    </Text>
    <TouchableOpacity
      activeOpacity={0.2}
      onPress={[Function]}
      style={
        Object {
          "borderRadius": 8,
        }
      }
    >
      <Text
        style={
          Object {
            "backgroundColor": "#1C4263",
            "borderColor": "white",
            "borderRadius": 8,
            "borderWidth": 1,
            "color": "white",
            "fontSize": 30,
            "height": 60,
            "margin": 20,
            "padding": 10,
            "textAlign": "center",
            "width": "auto",
          }
        }
      >
        Wanderer
      </Text>
    </TouchableOpacity>
    <TouchableOpacity
      activeOpacity={0.2}
      onPress={[Function]}
      style={
        Object {
          "borderRadius": 8,
        }
      }
    >
      <Text
        style={
          Object {
            "alignItems": "stretch",
            "backgroundColor": "#84183B",
            "borderColor": "white",
            "borderRadius": 8,
            "borderStyle": "solid",
            "borderWidth": 1,
            "color": "white",
            "fontSize": 30,
            "height": 60,
            "margin": 20,
            "padding": 10,
            "textAlign": "center",
            "width": "auto",
          }
        }
      >
        Follower
      </Text>
    </TouchableOpacity>
  </ScrollViewMock>
</View>
`;
