// Jest Snapshot v1, https://goo.gl/fbAQLP

exports[`FollowerDashboard should match the snapshot when loading 1`] = `
<View
  style={
    Object {
      "alignItems": "stretch",
      "backgroundColor": "white",
      "flex": 1,
      "justifyContent": "flex-start",
    }
  }
>
  <Header />
  <ScrollViewMock>
    <Text
      style={
        Object {
          "color": "black",
          "fontSize": 30,
          "marginVertical": 40,
          "textAlign": "center",
          "width": "auto",
        }
      }
    >
      My Wanderers
    </Text>
    <TouchableOpacity
      activeOpacity={0.2}
      onPress={[Function]}
      style={
        Object {
          "alignItems": "stretch",
          "backgroundColor": "#84183B",
          "borderColor": "white",
          "borderRadius": 8,
          "borderStyle": "solid",
          "borderWidth": 1,
          "color": "white",
          "fontSize": 30,
          "height": 60,
          "margin": 20,
          "padding": 10,
          "textAlign": "center",
          "width": "auto",
        }
      }
    >
      <Text
        style={
          Object {
            "color": "white",
            "fontSize": 20,
            "paddingVertical": 10,
            "textAlign": "center",
          }
        }
      >
        Fake Wanderer 1
      </Text>
    </TouchableOpacity>
    <TouchableOpacity
      activeOpacity={0.2}
      onPress={[Function]}
      style={
        Object {
          "alignItems": "stretch",
          "backgroundColor": "#84183B",
          "borderColor": "white",
          "borderRadius": 8,
          "borderStyle": "solid",
          "borderWidth": 1,
          "color": "white",
          "fontSize": 30,
          "height": 60,
          "margin": 20,
          "padding": 10,
          "textAlign": "center",
          "width": "auto",
        }
      }
    >
      <Text
        style={
          Object {
            "color": "white",
            "fontSize": 20,
            "paddingVertical": 10,
            "textAlign": "center",
          }
        }
      >
        Fake Wanderer 2
      </Text>
    </TouchableOpacity>
  </ScrollViewMock>
</View>
`;
