// Jest Snapshot v1, https://goo.gl/fbAQLP

exports[`TripForm should match the snapshot when loading 1`] = `
<ContextConsumer>
  <Component />
</ContextConsumer>
`;
