// Jest Snapshot v1, https://goo.gl/fbAQLP

exports[`MessageHistory should match the snapshot when loading 1`] = `
<View
  style={
    Object {
      "alignItems": "stretch",
      "backgroundColor": "white",
      "flex": 1,
      "justifyContent": "flex-start",
    }
  }
>
  <Header />
  <ScrollViewMock>
    <Text>
      Display Message history with specific follower
    </Text>
  </ScrollViewMock>
  <Footer
    navigate={[MockFunction]}
  />
</View>
`;
